// Jest Snapshot v1, https://goo.gl/fbAQLP

exports[`ruebas en <HomeScreen /> debe de mostrarse correctamente 1`] = `
<div>
  <h1>
    HomeScreen
  </h1>
  <hr />
  <pre>
    {
   "name": "Arturo",
   "email": "arturo@correo.com"
}
  </pre>
</div>
`;
